// Vitest Snapshot v1, https://vitest.dev/guide/snapshot.html

exports[`dzcf non-interactive setup snapshot > installs nothing, stores the key, verifies through the shim, and prints next steps 1`] = `
{
  "document": "version: 1
refs:
  DEEPSEEK_API_KEY: sk-snapshot-1234567890
",
  "fileMode": "384",
  "status": 0,
  "stderr": "",
  "stdout": "[38;2;77;107;254m[1m╔════════════════════════════════════════════════════════════════════════╗[22m[39m
[38;2;77;107;254m[1m║                                                                        ║[22m[39m
[38;2;77;107;254m[1m║   ██████╗   ███████╗  ██╗  ██╗            ███████╗   ██████╗  ███████╗ ║[22m[39m
[38;2;77;107;254m[1m║   ██╔══██╗  ██╔════╝  ██║  ██║            ╚══██╔╝   ██╔════╝  ██╔════╝ ║[22m[39m
[38;2;77;107;254m[1m║   ██║  ██║  ███████╗  ███████║    ════      ╚██╔╝   ██║       ███████╗ ║[22m[39m
[38;2;77;107;254m[1m║   ██║  ██║  ╚════██║  ██╔══██║             ╚██╔╝    ██║       ██║      ║[22m[39m
[38;2;77;107;254m[1m║   ██████╔╝  ███████╗  ██║  ██║            ███████╗  ╚██████╗  ██║      ║[22m[39m
[38;2;77;107;254m[1m║   ╚═════╝   ╚═════╝   ╚═╝  ╚═╝            ╚═════╝    ╚═════╝  ╚═╝      ║[22m[39m
[38;2;77;107;254m[1m║                                                                        ║[22m[39m
[38;2;77;107;254m[1m║   DeepSeek Zero-Config Flow                                            ║[22m[39m
[38;2;77;107;254m[1m║                                                                        ║[22m[39m
[38;2;77;107;254m[1m║   Zero-Config Code Flow for DeepSeek Harness                           ║[22m[39m
[38;2;77;107;254m[1m║                                                                        ║[22m[39m
[38;2;77;107;254m[1m╚════════════════════════════════════════════════════════════════════════╝[22m[39m
dsh-zcf v0.5.6（新版见 https://www.npmjs.com/package/dsh-zcf）

✓ 已找到 dsh 命令
✓ 凭据已写入 $DSH_HOME/.credentials.yaml（0600）：DEEPSEEK_API_KEY
✓ 已创建 profile：dzcf
✓ dzcf profile 组装成功

✓ 一切就绪！上手指引：
（本次选择的运行形态已保存为 profile：dzcf——下面的启动命令都基于它）
  1. 启动 Web 界面：\`dsh web\`，然后浏览器打开 http://127.0.0.1:3080
  2. 首次启动直接对话即可；
  3. 日常管理随时 \`npx dsh-zcf\`：u 更新插件 / k 凭据与模型 / l 卸载插件 / n 逛插件市场。
  4. 文档与示例：https://github.com/AdamPlatin123/dsh-zcf
",
}
`;
